Left
    ( MarkdownFormatError "Does not have summary heading" )

